[html.awaikenthemes.com/roast/index.html]
[backblue.gif]
[fade.gif]
[index.html]
[html.awaikenthemes.com/roast/images/favicon.png]
[html.awaikenthemes.com/roast/css/bootstrap.min.css]
[html.awaikenthemes.com/roast/css/slicknav.min.css]
[html.awaikenthemes.com/roast/css/swiper-bundle.min.css]
[html.awaikenthemes.com/roast/css/all.min.css]
[html.awaikenthemes.com/roast/css/animate.css]
[html.awaikenthemes.com/roast/css/magnific-popup.css]
[html.awaikenthemes.com/roast/css/mousecursor.css]
[html.awaikenthemes.com/roast/css/custom.css]
[html.awaikenthemes.com/roast/images/loader.svg]
[html.awaikenthemes.com/roast/images/icon-mail.svg]
[html.awaikenthemes.com/roast/images/icon-location.svg]
[html.awaikenthemes.com/roast/images/logo.svg]
[html.awaikenthemes.com/roast/index-2.html]
[html.awaikenthemes.com/roast/index-video.html]
[html.awaikenthemes.com/roast/index-slider.html]
[html.awaikenthemes.com/roast/about.html]
[html.awaikenthemes.com/roast/services.html]
[html.awaikenthemes.com/roast/menu.html]
[html.awaikenthemes.com/roast/service-single.html]
[html.awaikenthemes.com/roast/blog.html]
[html.awaikenthemes.com/roast/blog-single.html]
[html.awaikenthemes.com/roast/projects.html]
[html.awaikenthemes.com/roast/project-single.html]
[html.awaikenthemes.com/roast/team.html]
[html.awaikenthemes.com/roast/team-single.html]
[html.awaikenthemes.com/roast/image-gallery.html]
[html.awaikenthemes.com/roast/video-gallery.html]
[html.awaikenthemes.com/roast/faqs.html]
[html.awaikenthemes.com/roast/404.html]
[html.awaikenthemes.com/roast/contact.html]
[html.awaikenthemes.com/roast/book-table.html]
[html.awaikenthemes.com/roast/images/header-sidebar-btn.svg]
[html.awaikenthemes.com/roast/images/asterisk-icon.svg]
[html.awaikenthemes.com/roast/images/icon-about-body-item-1.svg]
[html.awaikenthemes.com/roast/images/icon-about-body-item-2.svg]
[html.awaikenthemes.com/roast/images/about-us-image.jpg]
[html.awaikenthemes.com/roast/images/icon-why-choose-1.svg]
[html.awaikenthemes.com/roast/images/icon-why-choose-2.svg]
[html.awaikenthemes.com/roast/images/icon-why-choose-3.svg]
[html.awaikenthemes.com/roast/images/icon-why-choose-4.svg]
[html.awaikenthemes.com/roast/images/icon-why-choose-5.svg]
[html.awaikenthemes.com/roast/images/icon-why-choose-6.svg]
[html.awaikenthemes.com/roast/images/icon-intro-video-counter-1.svg]
[html.awaikenthemes.com/roast/images/icon-intro-video-counter-2.svg]
[html.awaikenthemes.com/roast/images/icon-intro-video-counter-3.svg]
[html.awaikenthemes.com/roast/images/icon-intro-video-counter-4.svg]
[html.awaikenthemes.com/roast/images/pricing-tab-image-1.jpg]
[html.awaikenthemes.com/roast/images/pricing-menu-1.png]
[html.awaikenthemes.com/roast/images/pricing-menu-2.png]
[html.awaikenthemes.com/roast/images/pricing-menu-3.png]
[html.awaikenthemes.com/roast/images/pricing-menu-4.png]
[html.awaikenthemes.com/roast/images/pricing-tab-image-2.jpg]
[html.awaikenthemes.com/roast/images/pricing-tab-image-3.jpg]
[html.awaikenthemes.com/roast/images/pricing-tab-image-4.jpg]
[html.awaikenthemes.com/roast/images/interactive-process-image-1.jpg]
[html.awaikenthemes.com/roast/images/interactive-process-image-2.jpg]
[html.awaikenthemes.com/roast/images/interactive-process-image-3.jpg]
[html.awaikenthemes.com/roast/images/interactive-process-image-4.jpg]
[html.awaikenthemes.com/roast/images/offer-image.jpg]
[html.awaikenthemes.com/roast/images/offer-circle-image-1.jpg]
[html.awaikenthemes.com/roast/images/offer-circle-image-2.jpg]
[html.awaikenthemes.com/roast/images/author-signature.svg]
[html.awaikenthemes.com/roast/images/about-restaurant-img.jpg]
[html.awaikenthemes.com/roast/images/icon-phone-accent.svg]
[html.awaikenthemes.com/roast/images/icon-location-accent.svg]
[html.awaikenthemes.com/roast/images/icon-clock-accent.svg]
[html.awaikenthemes.com/roast/images/footer-logo.svg]
[html.awaikenthemes.com/roast/js/jquery-3.7.1.min.js]
[html.awaikenthemes.com/roast/js/bootstrap.min.js]
[html.awaikenthemes.com/roast/js/validator.min.js]
[html.awaikenthemes.com/roast/js/jquery.slicknav.js]
[html.awaikenthemes.com/roast/js/jquery.waypoints.min.js]
[html.awaikenthemes.com/roast/js/swiper-bundle.min.js]
[html.awaikenthemes.com/roast/js/jquery.counterup.min.js]
[html.awaikenthemes.com/roast/js/isotope.min.js]
[html.awaikenthemes.com/roast/js/jquery.magnific-popup.min.js]
[html.awaikenthemes.com/roast/js/SmoothScroll.js]
[html.awaikenthemes.com/roast/js/parallaxie.js]
[html.awaikenthemes.com/roast/js/gsap.min.js]
[html.awaikenthemes.com/roast/js/magiccursor.js]
[html.awaikenthemes.com/roast/js/SplitText.js]
[html.awaikenthemes.com/roast/js/ScrollTrigger.min.js]
[html.awaikenthemes.com/roast/js/jquery.mb.YTPlayer.min.js]
[html.awaikenthemes.com/roast/js/wow.min.js]
[html.awaikenthemes.com/roast/index.html]
[html.awaikenthemes.com/roast/css/bootstrap.min.css]
[html.awaikenthemes.com/roast/css/slicknav.min.css]
[html.awaikenthemes.com/roast/css/swiper-bundle.min.css]
[html.awaikenthemes.com/roast/js/function.js]
[html.awaikenthemes.com/roast/webfonts/fa-brands-400.woff2]
[html.awaikenthemes.com/roast/webfonts/fa-regular-400.woff2]
[html.awaikenthemes.com/roast/webfonts/fa-regular-400.ttf]
[html.awaikenthemes.com/roast/webfonts/fa-brands-400.ttf]
[html.awaikenthemes.com/roast/webfonts/fa-solid-900.woff2]
[html.awaikenthemes.com/roast/webfonts/fa-v4compatibility.woff2]
[html.awaikenthemes.com/roast/css/all.min.css]
[html.awaikenthemes.com/roast/css/animate.css]
[html.awaikenthemes.com/roast/css/magnific-popup.css]
[html.awaikenthemes.com/roast/css/mousecursor.css]
[html.awaikenthemes.com/roast/webfonts/fa-v4compatibility.ttf]
[html.awaikenthemes.com/roast/images/icon-sub-heading.svg]
[html.awaikenthemes.com/roast/images/icon-coffee-beans.svg]
[html.awaikenthemes.com/roast/webfonts/fa-solid-900.ttf]
[html.awaikenthemes.com/roast/images/hero-bg.jpg]
[html.awaikenthemes.com/roast/images/hero-bg-2.jpg]
[html.awaikenthemes.com/roast/images/about-bg-image.png]
[html.awaikenthemes.com/roast/images/why-chose-us-bg.png]
[html.awaikenthemes.com/roast/images/intro-video-bg.jpg]
[html.awaikenthemes.com/roast/images/pricing-bg-image.png]
[html.awaikenthemes.com/roast/images/offer-bg-image.png]
[html.awaikenthemes.com/roast/images/about-restaurant-bg-image.svg]
[html.awaikenthemes.com/roast/images/testimonial-bg.jpg]
[html.awaikenthemes.com/roast/images/cta-bg-image.png]
[html.awaikenthemes.com/roast/images/footer-bg-image.jpg]
[html.awaikenthemes.com/roast/images/page-header-bg.jpg]
[html.awaikenthemes.com/roast/css/custom.css]
[html.awaikenthemes.com/roast/images/loader.svg]
[html.awaikenthemes.com/roast/images/icon-mail.svg]
[html.awaikenthemes.com/roast/images/icon-location.svg]
[html.awaikenthemes.com/roast/index-2.html]
[html.awaikenthemes.com/roast/images/logo.svg]
[html.awaikenthemes.com/roast/index-video.html]
[html.awaikenthemes.com/roast/index-slider.html]
[html.awaikenthemes.com/roast/images/icon-blockquote.svg]
[html.awaikenthemes.com/roast/images/icon-our-mission.svg]
[html.awaikenthemes.com/roast/images/icon-our-vision.svg]
[html.awaikenthemes.com/roast/images/icon-our-value.svg]
[html.awaikenthemes.com/roast/images/our-approach-image.jpg]
[html.awaikenthemes.com/roast/images/team-1.jpg]
[html.awaikenthemes.com/roast/images/team-2.jpg]
[html.awaikenthemes.com/roast/images/team-3.jpg]
[html.awaikenthemes.com/roast/images/our-story-image.jpg]
[html.awaikenthemes.com/roast/images/icon-story-1.svg]
[html.awaikenthemes.com/roast/images/icon-story-2.svg]
[html.awaikenthemes.com/roast/images/icon-story-3.svg]
[html.awaikenthemes.com/roast/images/faq-image.jpg]
[html.awaikenthemes.com/roast/about.html]
[html.awaikenthemes.com/roast/images/icon-service-1.svg]
[html.awaikenthemes.com/roast/images/icon-service-2.svg]
[html.awaikenthemes.com/roast/images/icon-service-3.svg]
[html.awaikenthemes.com/roast/images/icon-service-4.svg]
[html.awaikenthemes.com/roast/images/icon-service-5.svg]
[html.awaikenthemes.com/roast/services.html]
[html.awaikenthemes.com/roast/images/icon-service-6.svg]
[html.awaikenthemes.com/roast/images/menu-image-1.jpg]
[html.awaikenthemes.com/roast/images/original-coffee-img-1.png]
[html.awaikenthemes.com/roast/images/original-coffee-img-2.png]
[html.awaikenthemes.com/roast/images/original-coffee-img-3.png]
[html.awaikenthemes.com/roast/images/original-coffee-img-4.png]
[html.awaikenthemes.com/roast/images/original-coffee-img-5.png]
[html.awaikenthemes.com/roast/images/original-coffee-img-6.png]
[html.awaikenthemes.com/roast/images/original-coffee-img-7.png]
[html.awaikenthemes.com/roast/images/original-coffee-img-8.png]
[html.awaikenthemes.com/roast/images/menu-image-2.jpg]
[html.awaikenthemes.com/roast/images/tea-bread-image-1.png]
[html.awaikenthemes.com/roast/images/tea-bread-image-2.png]
[html.awaikenthemes.com/roast/images/tea-bread-image-3.png]
[html.awaikenthemes.com/roast/images/tea-bread-image-4.png]
[html.awaikenthemes.com/roast/images/tea-bread-image-5.png]
[html.awaikenthemes.com/roast/images/tea-bread-image-6.png]
[html.awaikenthemes.com/roast/images/tea-bread-image-7.png]
[html.awaikenthemes.com/roast/images/tea-bread-image-8.png]
[html.awaikenthemes.com/roast/images/menu-image-3.jpg]
[html.awaikenthemes.com/roast/images/dessert-image-3.png]
[html.awaikenthemes.com/roast/images/dessert-image-2.png]
[html.awaikenthemes.com/roast/images/dessert-image-4.png]
[html.awaikenthemes.com/roast/images/dessert-image-5.png]
[html.awaikenthemes.com/roast/images/dessert-image-6.png]
[html.awaikenthemes.com/roast/images/dessert-image-7.png]
[html.awaikenthemes.com/roast/images/dessert-image-8.png]
[html.awaikenthemes.com/roast/menu.html]
[html.awaikenthemes.com/roast/images/satisfy-client-img-1.jpg]
[html.awaikenthemes.com/roast/images/satisfy-client-img-2.jpg]
[html.awaikenthemes.com/roast/images/satisfy-client-img-3.jpg]
[html.awaikenthemes.com/roast/images/satisfy-client-img-4.jpg]
[html.awaikenthemes.com/roast/images/icon-phone.svg]
[html.awaikenthemes.com/roast/images/service-single-img.jpg]
[html.awaikenthemes.com/roast/images/service-entry-box-1.svg]
[html.awaikenthemes.com/roast/service-single.html]
[html.awaikenthemes.com/roast/images/service-entry-box-2.svg]
[html.awaikenthemes.com/roast/images/post-1.jpg]
[html.awaikenthemes.com/roast/images/post-2.jpg]
[html.awaikenthemes.com/roast/images/post-3.jpg]
[html.awaikenthemes.com/roast/images/post-4.jpg]
[html.awaikenthemes.com/roast/images/post-5.jpg]
[html.awaikenthemes.com/roast/images/post-6.jpg]
[html.awaikenthemes.com/roast/blog.html]
[html.awaikenthemes.com/roast/blog-single.html]
[html.awaikenthemes.com/roast/images/project-1.jpg]
[html.awaikenthemes.com/roast/images/project-2.jpg]
[html.awaikenthemes.com/roast/images/project-3.jpg]
[html.awaikenthemes.com/roast/images/project-4.jpg]
[html.awaikenthemes.com/roast/images/project-5.jpg]
[html.awaikenthemes.com/roast/images/project-6.jpg]
[html.awaikenthemes.com/roast/images/project-7.jpg]
[html.awaikenthemes.com/roast/images/project-8.jpg]
[html.awaikenthemes.com/roast/images/project-9.jpg]
[html.awaikenthemes.com/roast/projects.html]
[html.awaikenthemes.com/roast/images/icon-project-detail-1.svg]
[html.awaikenthemes.com/roast/images/icon-project-detail-2.svg]
[html.awaikenthemes.com/roast/images/icon-project-detail-3.svg]
[html.awaikenthemes.com/roast/images/icon-project-detail-4.svg]
[html.awaikenthemes.com/roast/project-single.html]
[html.awaikenthemes.com/roast/images/icon-project-detail-5.svg]
[html.awaikenthemes.com/roast/images/team-4.jpg]
[html.awaikenthemes.com/roast/images/team-5.jpg]
[html.awaikenthemes.com/roast/images/team-6.jpg]
[html.awaikenthemes.com/roast/team.html]
[html.awaikenthemes.com/roast/images/icon-member-content-1.svg]
[html.awaikenthemes.com/roast/images/icon-member-content-2.svg]
[html.awaikenthemes.com/roast/team-single.html]
[html.awaikenthemes.com/roast/images/icon-mail-accent.svg]
[html.awaikenthemes.com/roast/images/gallery-1.jpg]
[html.awaikenthemes.com/roast/images/gallery-2.jpg]
[html.awaikenthemes.com/roast/images/gallery-3.jpg]
[html.awaikenthemes.com/roast/images/gallery-4.jpg]
[html.awaikenthemes.com/roast/images/gallery-5.jpg]
[html.awaikenthemes.com/roast/images/gallery-6.jpg]
[html.awaikenthemes.com/roast/images/gallery-7.jpg]
[html.awaikenthemes.com/roast/images/gallery-8.jpg]
[html.awaikenthemes.com/roast/images/gallery-9.jpg]
[html.awaikenthemes.com/roast/image-gallery.html]
[html.awaikenthemes.com/roast/images/video-gallery-img-1.jpg]
[html.awaikenthemes.com/roast/images/video-gallery-img-2.jpg]
[html.awaikenthemes.com/roast/images/video-gallery-img-3.jpg]
[html.awaikenthemes.com/roast/images/video-gallery-img-4.jpg]
[html.awaikenthemes.com/roast/images/video-gallery-img-5.jpg]
[html.awaikenthemes.com/roast/images/video-gallery-img-6.jpg]
[html.awaikenthemes.com/roast/images/video-gallery-img-7.jpg]
[html.awaikenthemes.com/roast/images/video-gallery-img-8.jpg]
[html.awaikenthemes.com/roast/images/video-gallery-img-9.jpg]
[html.awaikenthemes.com/roast/video-gallery.html]
[html.awaikenthemes.com/roast/faqs.html]
[html.awaikenthemes.com/roast/images/404-error-img.png]
[html.awaikenthemes.com/roast/404.html]
[html.awaikenthemes.com/roast/contact.html]
[html.awaikenthemes.com/roast/images/book-table-image.jpg]
[html.awaikenthemes.com/roast/book-table.html]
[html.awaikenthemes.com/roast/images/header-sidebar-btn.svg]
[html.awaikenthemes.com/roast/images/asterisk-icon.svg]
[html.awaikenthemes.com/roast/images/icon-about-body-item-1.svg]
[html.awaikenthemes.com/roast/images/icon-about-body-item-2.svg]
[html.awaikenthemes.com/roast/images/icon-why-choose-1.svg]
[html.awaikenthemes.com/roast/images/icon-why-choose-2.svg]
[html.awaikenthemes.com/roast/images/icon-why-choose-3.svg]
[html.awaikenthemes.com/roast/images/icon-why-choose-4.svg]
[html.awaikenthemes.com/roast/images/icon-why-choose-5.svg]
[html.awaikenthemes.com/roast/images/icon-why-choose-6.svg]
[html.awaikenthemes.com/roast/images/icon-intro-video-counter-1.svg]
[html.awaikenthemes.com/roast/images/icon-intro-video-counter-2.svg]
[html.awaikenthemes.com/roast/images/icon-intro-video-counter-3.svg]
[html.awaikenthemes.com/roast/images/icon-intro-video-counter-4.svg]
[html.awaikenthemes.com/roast/images/author-signature.svg]
[html.awaikenthemes.com/roast/images/icon-phone-accent.svg]
[html.awaikenthemes.com/roast/images/icon-location-accent.svg]
[html.awaikenthemes.com/roast/images/icon-clock-accent.svg]
[html.awaikenthemes.com/roast/images/footer-logo.svg]
[html.awaikenthemes.com/roast/images/icon-sub-heading.svg]
[html.awaikenthemes.com/roast/images/icon-coffee-beans.svg]
[html.awaikenthemes.com/roast/images/about-restaurant-bg-image.svg]
[html.awaikenthemes.com/roast/images/icon-blockquote.svg]
[html.awaikenthemes.com/roast/images/icon-our-mission.svg]
[html.awaikenthemes.com/roast/images/icon-our-vision.svg]
[html.awaikenthemes.com/roast/images/icon-our-value.svg]
[html.awaikenthemes.com/roast/images/icon-story-1.svg]
[html.awaikenthemes.com/roast/images/icon-story-2.svg]
[html.awaikenthemes.com/roast/images/icon-story-3.svg]
[html.awaikenthemes.com/roast/images/icon-service-1.svg]
[html.awaikenthemes.com/roast/images/icon-service-2.svg]
[html.awaikenthemes.com/roast/images/icon-service-3.svg]
[html.awaikenthemes.com/roast/images/icon-service-4.svg]
[html.awaikenthemes.com/roast/images/icon-service-5.svg]
[html.awaikenthemes.com/roast/images/icon-service-6.svg]
[html.awaikenthemes.com/roast/images/icon-phone.svg]
[html.awaikenthemes.com/roast/images/service-entry-box-1.svg]
[html.awaikenthemes.com/roast/images/service-entry-box-2.svg]
[html.awaikenthemes.com/roast/images/icon-project-detail-1.svg]
[html.awaikenthemes.com/roast/images/icon-project-detail-2.svg]
[html.awaikenthemes.com/roast/images/icon-project-detail-3.svg]
[html.awaikenthemes.com/roast/images/icon-project-detail-4.svg]
[html.awaikenthemes.com/roast/images/icon-project-detail-5.svg]
[html.awaikenthemes.com/roast/images/icon-member-content-1.svg]
[html.awaikenthemes.com/roast/images/icon-member-content-2.svg]
[html.awaikenthemes.com/roast/images/icon-mail-accent.svg]
